------------------------------------------------------------
TimeQuest Timing Analyzer Summary
------------------------------------------------------------

Type  : Slow 1100mV 85C Model Setup 'sys_vga:u0|sys_vga_Arm_A9_HPS:arm_a9_hps|sys_vga_Arm_A9_HPS_hps_io:hps_io|sys_vga_Arm_A9_HPS_hps_io_border:border|hps_sdram:hps_sdram_inst|hps_sdram_pll:pll|afi_clk_write_clk'
Slack : 1.730
TNS   : 0.000

Type  : Slow 1100mV 85C Model Setup 'altera_reserved_tck'
Slack : 12.342
TNS   : 0.000

Type  : Slow 1100mV 85C Model Hold 'sys_vga:u0|sys_vga_Arm_A9_HPS:arm_a9_hps|sys_vga_Arm_A9_HPS_hps_io:hps_io|sys_vga_Arm_A9_HPS_hps_io_border:border|hps_sdram:hps_sdram_inst|hps_sdram_pll:pll|afi_clk_write_clk'
Slack : 0.143
TNS   : 0.000

Type  : Slow 1100mV 85C Model Hold 'altera_reserved_tck'
Slack : 0.500
TNS   : 0.000

Type  : Slow 1100mV 85C Model Recovery 'sys_vga:u0|sys_vga_Arm_A9_HPS:arm_a9_hps|sys_vga_Arm_A9_HPS_hps_io:hps_io|sys_vga_Arm_A9_HPS_hps_io_border:border|hps_sdram:hps_sdram_inst|hps_sdram_pll:pll|afi_clk_write_clk'
Slack : 3.375
TNS   : 0.000

Type  : Slow 1100mV 85C Model Recovery 'altera_reserved_tck'
Slack : 14.734
TNS   : 0.000

Type  : Slow 1100mV 85C Model Removal 'sys_vga:u0|sys_vga_Arm_A9_HPS:arm_a9_hps|sys_vga_Arm_A9_HPS_hps_io:hps_io|sys_vga_Arm_A9_HPS_hps_io_border:border|hps_sdram:hps_sdram_inst|hps_sdram_pll:pll|afi_clk_write_clk'
Slack : 0.470
TNS   : 0.000

Type  : Slow 1100mV 85C Model Removal 'altera_reserved_tck'
Slack : 0.914
TNS   : 0.000

Type  : Slow 1100mV 85C Model Minimum Pulse Width 'sys_vga:u0|sys_vga_Arm_A9_HPS:arm_a9_hps|sys_vga_Arm_A9_HPS_hps_io:hps_io|sys_vga_Arm_A9_HPS_hps_io_border:border|hps_sdram:hps_sdram_inst|hps_sdram_pll:pll|pll_write_clk_dq_write_clk'
Slack : 0.608
TNS   : 0.000

Type  : Slow 1100mV 85C Model Minimum Pulse Width 'sys_vga:u0|sys_vga_Arm_A9_HPS:arm_a9_hps|sys_vga_Arm_A9_HPS_hps_io:hps_io|sys_vga_Arm_A9_HPS_hps_io_border:border|hps_sdram:hps_sdram_inst|hps_sdram_pll:pll|afi_clk_write_clk'
Slack : 0.623
TNS   : 0.000

Type  : Slow 1100mV 85C Model Minimum Pulse Width 'altera_reserved_tck'
Slack : 15.841
TNS   : 0.000

Type  : Slow 1100mV 0C Model Setup 'sys_vga:u0|sys_vga_Arm_A9_HPS:arm_a9_hps|sys_vga_Arm_A9_HPS_hps_io:hps_io|sys_vga_Arm_A9_HPS_hps_io_border:border|hps_sdram:hps_sdram_inst|hps_sdram_pll:pll|afi_clk_write_clk'
Slack : 1.727
TNS   : 0.000

Type  : Slow 1100mV 0C Model Setup 'altera_reserved_tck'
Slack : 12.369
TNS   : 0.000

Type  : Slow 1100mV 0C Model Hold 'sys_vga:u0|sys_vga_Arm_A9_HPS:arm_a9_hps|sys_vga_Arm_A9_HPS_hps_io:hps_io|sys_vga_Arm_A9_HPS_hps_io_border:border|hps_sdram:hps_sdram_inst|hps_sdram_pll:pll|afi_clk_write_clk'
Slack : 0.162
TNS   : 0.000

Type  : Slow 1100mV 0C Model Hold 'altera_reserved_tck'
Slack : 0.475
TNS   : 0.000

Type  : Slow 1100mV 0C Model Recovery 'sys_vga:u0|sys_vga_Arm_A9_HPS:arm_a9_hps|sys_vga_Arm_A9_HPS_hps_io:hps_io|sys_vga_Arm_A9_HPS_hps_io_border:border|hps_sdram:hps_sdram_inst|hps_sdram_pll:pll|afi_clk_write_clk'
Slack : 3.468
TNS   : 0.000

Type  : Slow 1100mV 0C Model Recovery 'altera_reserved_tck'
Slack : 14.807
TNS   : 0.000

Type  : Slow 1100mV 0C Model Removal 'sys_vga:u0|sys_vga_Arm_A9_HPS:arm_a9_hps|sys_vga_Arm_A9_HPS_hps_io:hps_io|sys_vga_Arm_A9_HPS_hps_io_border:border|hps_sdram:hps_sdram_inst|hps_sdram_pll:pll|afi_clk_write_clk'
Slack : 0.460
TNS   : 0.000

Type  : Slow 1100mV 0C Model Removal 'altera_reserved_tck'
Slack : 0.841
TNS   : 0.000

Type  : Slow 1100mV 0C Model Minimum Pulse Width 'sys_vga:u0|sys_vga_Arm_A9_HPS:arm_a9_hps|sys_vga_Arm_A9_HPS_hps_io:hps_io|sys_vga_Arm_A9_HPS_hps_io_border:border|hps_sdram:hps_sdram_inst|hps_sdram_pll:pll|pll_write_clk_dq_write_clk'
Slack : 0.613
TNS   : 0.000

Type  : Slow 1100mV 0C Model Minimum Pulse Width 'sys_vga:u0|sys_vga_Arm_A9_HPS:arm_a9_hps|sys_vga_Arm_A9_HPS_hps_io:hps_io|sys_vga_Arm_A9_HPS_hps_io_border:border|hps_sdram:hps_sdram_inst|hps_sdram_pll:pll|afi_clk_write_clk'
Slack : 0.630
TNS   : 0.000

Type  : Slow 1100mV 0C Model Minimum Pulse Width 'altera_reserved_tck'
Slack : 15.852
TNS   : 0.000

Type  : Fast 1100mV 85C Model Setup 'sys_vga:u0|sys_vga_Arm_A9_HPS:arm_a9_hps|sys_vga_Arm_A9_HPS_hps_io:hps_io|sys_vga_Arm_A9_HPS_hps_io_border:border|hps_sdram:hps_sdram_inst|hps_sdram_pll:pll|afi_clk_write_clk'
Slack : 2.110
TNS   : 0.000

Type  : Fast 1100mV 85C Model Setup 'altera_reserved_tck'
Slack : 14.251
TNS   : 0.000

Type  : Fast 1100mV 85C Model Hold 'sys_vga:u0|sys_vga_Arm_A9_HPS:arm_a9_hps|sys_vga_Arm_A9_HPS_hps_io:hps_io|sys_vga_Arm_A9_HPS_hps_io_border:border|hps_sdram:hps_sdram_inst|hps_sdram_pll:pll|afi_clk_write_clk'
Slack : 0.084
TNS   : 0.000

Type  : Fast 1100mV 85C Model Hold 'altera_reserved_tck'
Slack : 0.211
TNS   : 0.000

Type  : Fast 1100mV 85C Model Recovery 'sys_vga:u0|sys_vga_Arm_A9_HPS:arm_a9_hps|sys_vga_Arm_A9_HPS_hps_io:hps_io|sys_vga_Arm_A9_HPS_hps_io_border:border|hps_sdram:hps_sdram_inst|hps_sdram_pll:pll|afi_clk_write_clk'
Slack : 3.727
TNS   : 0.000

Type  : Fast 1100mV 85C Model Recovery 'altera_reserved_tck'
Slack : 15.650
TNS   : 0.000

Type  : Fast 1100mV 85C Model Removal 'altera_reserved_tck'
Slack : 0.437
TNS   : 0.000

Type  : Fast 1100mV 85C Model Removal 'sys_vga:u0|sys_vga_Arm_A9_HPS:arm_a9_hps|sys_vga_Arm_A9_HPS_hps_io:hps_io|sys_vga_Arm_A9_HPS_hps_io_border:border|hps_sdram:hps_sdram_inst|hps_sdram_pll:pll|afi_clk_write_clk'
Slack : 0.497
TNS   : 0.000

Type  : Fast 1100mV 85C Model Minimum Pulse Width 'sys_vga:u0|sys_vga_Arm_A9_HPS:arm_a9_hps|sys_vga_Arm_A9_HPS_hps_io:hps_io|sys_vga_Arm_A9_HPS_hps_io_border:border|hps_sdram:hps_sdram_inst|hps_sdram_pll:pll|pll_write_clk_dq_write_clk'
Slack : 0.883
TNS   : 0.000

Type  : Fast 1100mV 85C Model Minimum Pulse Width 'sys_vga:u0|sys_vga_Arm_A9_HPS:arm_a9_hps|sys_vga_Arm_A9_HPS_hps_io:hps_io|sys_vga_Arm_A9_HPS_hps_io_border:border|hps_sdram:hps_sdram_inst|hps_sdram_pll:pll|afi_clk_write_clk'
Slack : 0.891
TNS   : 0.000

Type  : Fast 1100mV 85C Model Minimum Pulse Width 'altera_reserved_tck'
Slack : 15.812
TNS   : 0.000

Type  : Fast 1100mV 0C Model Setup 'sys_vga:u0|sys_vga_Arm_A9_HPS:arm_a9_hps|sys_vga_Arm_A9_HPS_hps_io:hps_io|sys_vga_Arm_A9_HPS_hps_io_border:border|hps_sdram:hps_sdram_inst|hps_sdram_pll:pll|afi_clk_write_clk'
Slack : 2.110
TNS   : 0.000

Type  : Fast 1100mV 0C Model Setup 'altera_reserved_tck'
Slack : 14.507
TNS   : 0.000

Type  : Fast 1100mV 0C Model Hold 'sys_vga:u0|sys_vga_Arm_A9_HPS:arm_a9_hps|sys_vga_Arm_A9_HPS_hps_io:hps_io|sys_vga_Arm_A9_HPS_hps_io_border:border|hps_sdram:hps_sdram_inst|hps_sdram_pll:pll|afi_clk_write_clk'
Slack : 0.077
TNS   : 0.000

Type  : Fast 1100mV 0C Model Hold 'altera_reserved_tck'
Slack : 0.178
TNS   : 0.000

Type  : Fast 1100mV 0C Model Recovery 'sys_vga:u0|sys_vga_Arm_A9_HPS:arm_a9_hps|sys_vga_Arm_A9_HPS_hps_io:hps_io|sys_vga_Arm_A9_HPS_hps_io_border:border|hps_sdram:hps_sdram_inst|hps_sdram_pll:pll|afi_clk_write_clk'
Slack : 3.825
TNS   : 0.000

Type  : Fast 1100mV 0C Model Recovery 'altera_reserved_tck'
Slack : 15.799
TNS   : 0.000

Type  : Fast 1100mV 0C Model Removal 'altera_reserved_tck'
Slack : 0.374
TNS   : 0.000

Type  : Fast 1100mV 0C Model Removal 'sys_vga:u0|sys_vga_Arm_A9_HPS:arm_a9_hps|sys_vga_Arm_A9_HPS_hps_io:hps_io|sys_vga_Arm_A9_HPS_hps_io_border:border|hps_sdram:hps_sdram_inst|hps_sdram_pll:pll|afi_clk_write_clk'
Slack : 0.473
TNS   : 0.000

Type  : Fast 1100mV 0C Model Minimum Pulse Width 'sys_vga:u0|sys_vga_Arm_A9_HPS:arm_a9_hps|sys_vga_Arm_A9_HPS_hps_io:hps_io|sys_vga_Arm_A9_HPS_hps_io_border:border|hps_sdram:hps_sdram_inst|hps_sdram_pll:pll|pll_write_clk_dq_write_clk'
Slack : 0.887
TNS   : 0.000

Type  : Fast 1100mV 0C Model Minimum Pulse Width 'sys_vga:u0|sys_vga_Arm_A9_HPS:arm_a9_hps|sys_vga_Arm_A9_HPS_hps_io:hps_io|sys_vga_Arm_A9_HPS_hps_io_border:border|hps_sdram:hps_sdram_inst|hps_sdram_pll:pll|afi_clk_write_clk'
Slack : 0.894
TNS   : 0.000

Type  : Fast 1100mV 0C Model Minimum Pulse Width 'altera_reserved_tck'
Slack : 15.826
TNS   : 0.000

------------------------------------------------------------
Info: see the "DDR report" for DDR timing results
------------------------------------------------------------
------------------------------------------------------------
